%!Adobe-FontList 1.16
%Locale:0x40c

%BeginFont
Handler:DirectoryHandler
FontType:Invalid
OutlineFileName:C:\wamp\www\SiteBALLA\Font\Andes.eot
FileModTime:1430392869
%EndFont

%BeginFont
Handler:DirectoryHandler
FontType:Type1
FontName:Andes
FamilyName:Andes
StyleName:Regular
FullName:Andes
MenuName:Andes
StyleBits:0
WritingScript:Roman
OutlineFileName:C:\wamp\www\SiteBALLA\Font\Andes.otf
DataFormat:sfntData
UsesStandardEncoding:yes
isCFF:yes
FileLength:25320
FileModTime:1430393441
WeightClass:5
WidthClass:5
AngleClass:0
NameArray:0,Mac,4,Andes
NameArray:0,Win,1,Andes
%EndFont

%BeginFont
Handler:DirectoryHandler
FontType:Invalid
OutlineFileName:C:\wamp\www\SiteBALLA\Font\Andes.svg
FileModTime:1430392869
%EndFont

%BeginFont
Handler:DirectoryHandler
FontType:TrueType
FontName:Andes
FamilyName:Andes
StyleName:Regular
FullName:Andes
MenuName:Andes
StyleBits:0
WritingScript:Roman
OutlineFileName:C:\wamp\www\SiteBALLA\Font\Andes.ttf
DataFormat:sfntData
FileLength:22528
FileModTime:682556260
WeightClass:5
WidthClass:5
AngleClass:0
NameArray:0,Mac,4,Andes
NameArray:0,Win,1,Andes
%EndFont

%BeginFont
Handler:DirectoryHandler
FontType:Invalid
OutlineFileName:C:\wamp\www\SiteBALLA\Font\Andes.woff
FileModTime:1430392869
%EndFont

%BeginFont
Handler:DirectoryHandler
FontType:Invalid
OutlineFileName:C:\wamp\www\SiteBALLA\Font\Andes.woff2
FileModTime:1430392869
%EndFont

%BeginFont
Handler:DirectoryHandler
FontType:Invalid
OutlineFileName:C:\wamp\www\SiteBALLA\Font\LaPresse.eot
FileModTime:1431004120
%EndFont

%BeginFont
Handler:DirectoryHandler
FontType:Invalid
OutlineFileName:C:\wamp\www\SiteBALLA\Font\LaPresse.svg
FileModTime:1431004120
%EndFont

%BeginFont
Handler:DirectoryHandler
FontType:TrueType
FontName:LaPresse
FamilyName:LaPresse
StyleName:Regular
FullName:LaPresse
MenuName:LaPresse
StyleBits:0
WritingScript:Roman
OutlineFileName:C:\wamp\www\SiteBALLA\Font\LaPresse.ttf
DataFormat:sfntData
FileLength:37600
FileModTime:1307286976
WeightClass:400
WidthClass:5
AngleClass:0
NameArray:0,Mac,4,LaPresse
NameArray:0,Win,1,LaPresse
%EndFont

%BeginFont
Handler:DirectoryHandler
FontType:Invalid
OutlineFileName:C:\wamp\www\SiteBALLA\Font\LaPresse.woff
FileModTime:1431004120
%EndFont

%BeginFont
Handler:DirectoryHandler
FontType:Invalid
OutlineFileName:C:\wamp\www\SiteBALLA\Font\LaPresse.woff2
FileModTime:1431004120
%EndFont

